93.28.10.40 - - [09/Apr/2026:12:12:20 +0000] "GET /login HTTP/1.1" 200 2385 "-" "Mozilla/5.0 (Windows NT 10.0; Win64; x64) AppleWebKit/537.36 (KHTML, like Gecko) Chrome/146.0.0.0 Safari/537.36"
93.28.10.40 - - [09/Apr/2026:12:12:21 +0000] "GET /api/session/status HTTP/1.1" 200 124 "http://178.104.41.200:5000/roulette/display" "Mozilla/5.0 (Windows NT 10.0; Win64; x64) AppleWebKit/537.36 (KHTML, like Gecko) Chrome/146.0.0.0 Safari/537.36"
93.28.10.40 - - [09/Apr/2026:12:12:22 +0000] "GET /api/session/status HTTP/1.1" 200 124 "http://178.104.41.200:5000/roulette/display" "Mozilla/5.0 (Windows NT 10.0; Win64; x64) AppleWebKit/537.36 (KHTML, like Gecko) Chrome/146.0.0.0 Safari/537.36"
93.28.10.40 - - [09/Apr/2026:12:12:23 +0000] "GET /api/session/status HTTP/1.1" 200 124 "http://178.104.41.200:5000/roulette/display" "Mozilla/5.0 (Windows NT 10.0; Win64; x64) AppleWebKit/537.36 (KHTML, like Gecko) Chrome/146.0.0.0 Safari/537.36"
93.28.10.40 - - [09/Apr/2026:12:12:24 +0000] "POST /login HTTP/1.1" 302 199 "http://178.104.41.200:5000/login" "Mozilla/5.0 (Windows NT 10.0; Win64; x64) AppleWebKit/537.36 (KHTML, like Gecko) Chrome/146.0.0.0 Safari/537.36"
93.28.10.40 - - [09/Apr/2026:12:12:24 +0000] "GET /admin HTTP/1.1" 200 7650 "http://178.104.41.200:5000/login" "Mozilla/5.0 (Windows NT 10.0; Win64; x64) AppleWebKit/537.36 (KHTML, like Gecko) Chrome/146.0.0.0 Safari/537.36"
93.28.10.40 - - [09/Apr/2026:12:12:24 +0000] "GET /api/session/status HTTP/1.1" 200 124 "http://178.104.41.200:5000/roulette/display" "Mozilla/5.0 (Windows NT 10.0; Win64; x64) AppleWebKit/537.36 (KHTML, like Gecko) Chrome/146.0.0.0 Safari/537.36"
93.28.10.40 - - [09/Apr/2026:12:12:25 +0000] "GET /static/js/admin.js HTTP/1.1" 304 0 "http://178.104.41.200:5000/admin" "Mozilla/5.0 (Windows NT 10.0; Win64; x64) AppleWebKit/537.36 (KHTML, like Gecko) Chrome/146.0.0.0 Safari/537.36"
93.28.10.40 - - [09/Apr/2026:12:12:25 +0000] "GET /api/session/status HTTP/1.1" 200 126 "http://178.104.41.200:5000/roulette/display" "Mozilla/5.0 (Windows NT 10.0; Win64; x64) AppleWebKit/537.36 (KHTML, like Gecko) Chrome/146.0.0.0 Safari/537.36"
93.28.10.40 - - [09/Apr/2026:12:12:26 +0000] "GET /api/session/status HTTP/1.1" 200 126 "http://178.104.41.200:5000/roulette/display" "Mozilla/5.0 (Windows NT 10.0; Win64; x64) AppleWebKit/537.36 (KHTML, like Gecko) Chrome/146.0.0.0 Safari/537.36"
93.28.10.40 - - [09/Apr/2026:12:12:27 +0000] "GET /api/session/status HTTP/1.1" 200 126 "http://178.104.41.200:5000/roulette/display" "Mozilla/5.0 (Windows NT 10.0; Win64; x64) AppleWebKit/537.36 (KHTML, like Gecko) Chrome/146.0.0.0 Safari/537.36"
93.28.10.40 - - [09/Apr/2026:12:12:28 +0000] "GET /api/session/status HTTP/1.1" 200 126 "http://178.104.41.200:5000/roulette/display" "Mozilla/5.0 (Windows NT 10.0; Win64; x64) AppleWebKit/537.36 (KHTML, like Gecko) Chrome/146.0.0.0 Safari/537.36"
93.28.10.40 - - [09/Apr/2026:12:12:29 +0000] "GET /api/session/status HTTP/1.1" 200 126 "http://178.104.41.200:5000/roulette/display" "Mozilla/5.0 (Windows NT 10.0; Win64; x64) AppleWebKit/537.36 (KHTML, like Gecko) Chrome/146.0.0.0 Safari/537.36"
93.28.10.40 - - [09/Apr/2026:12:12:30 +0000] "GET /api/session/status HTTP/1.1" 200 126 "http://178.104.41.200:5000/roulette/display" "Mozilla/5.0 (Windows NT 10.0; Win64; x64) AppleWebKit/537.36 (KHTML, like Gecko) Chrome/146.0.0.0 Safari/537.36"
93.28.10.40 - - [09/Apr/2026:12:12:31 +0000] "GET /api/session/status HTTP/1.1" 200 126 "http://178.104.41.200:5000/roulette/display" "Mozilla/5.0 (Windows NT 10.0; Win64; x64) AppleWebKit/537.36 (KHTML, like Gecko) Chrome/146.0.0.0 Safari/537.36"
93.28.10.40 - - [09/Apr/2026:12:12:32 +0000] "GET /api/session/status HTTP/1.1" 200 126 "http://178.104.41.200:5000/roulette/display" "Mozilla/5.0 (Windows NT 10.0; Win64; x64) AppleWebKit/537.36 (KHTML, like Gecko) Chrome/146.0.0.0 Safari/537.36"
93.28.10.40 - - [09/Apr/2026:12:12:33 +0000] "GET /api/session/status HTTP/1.1" 200 126 "http://178.104.41.200:5000/roulette/display" "Mozilla/5.0 (Windows NT 10.0; Win64; x64) AppleWebKit/537.36 (KHTML, like Gecko) Chrome/146.0.0.0 Safari/537.36"
93.28.10.40 - - [09/Apr/2026:12:12:34 +0000] "GET /api/session/status HTTP/1.1" 200 126 "http://178.104.41.200:5000/roulette/display" "Mozilla/5.0 (Windows NT 10.0; Win64; x64) AppleWebKit/537.36 (KHTML, like Gecko) Chrome/146.0.0.0 Safari/537.36"
93.28.10.40 - - [09/Apr/2026:12:12:35 +0000] "GET /api/session/status HTTP/1.1" 200 126 "http://178.104.41.200:5000/roulette/display" "Mozilla/5.0 (Windows NT 10.0; Win64; x64) AppleWebKit/537.36 (KHTML, like Gecko) Chrome/146.0.0.0 Safari/537.36"
93.28.10.40 - - [09/Apr/2026:12:12:36 +0000] "GET /api/session/status HTTP/1.1" 200 126 "http://178.104.41.200:5000/roulette/display" "Mozilla/5.0 (Windows NT 10.0; Win64; x64) AppleWebKit/537.36 (KHTML, like Gecko) Chrome/146.0.0.0 Safari/537.36"
93.28.10.40 - - [09/Apr/2026:12:12:37 +0000] "GET /api/session/status HTTP/1.1" 200 126 "http://178.104.41.200:5000/roulette/display" "Mozilla/5.0 (Windows NT 10.0; Win64; x64) AppleWebKit/537.36 (KHTML, like Gecko) Chrome/146.0.0.0 Safari/537.36"
93.28.10.40 - - [09/Apr/2026:12:12:39 +0000] "GET /api/session/status HTTP/1.1" 200 126 "http://178.104.41.200:5000/roulette/display" "Mozilla/5.0 (Windows NT 10.0; Win64; x64) AppleWebKit/537.36 (KHTML, like Gecko) Chrome/146.0.0.0 Safari/537.36"
93.28.10.40 - - [09/Apr/2026:12:12:40 +0000] "GET /api/session/status HTTP/1.1" 200 126 "http://178.104.41.200:5000/roulette/display" "Mozilla/5.0 (Windows NT 10.0; Win64; x64) AppleWebKit/537.36 (KHTML, like Gecko) Chrome/146.0.0.0 Safari/537.36"
93.28.10.40 - - [09/Apr/2026:12:12:41 +0000] "GET /api/session/status HTTP/1.1" 200 126 "http://178.104.41.200:5000/roulette/display" "Mozilla/5.0 (Windows NT 10.0; Win64; x64) AppleWebKit/537.36 (KHTML, like Gecko) Chrome/146.0.0.0 Safari/537.36"
93.28.10.40 - - [09/Apr/2026:12:12:42 +0000] "GET /api/session/status HTTP/1.1" 200 128 "http://178.104.41.200:5000/roulette/display" "Mozilla/5.0 (Windows NT 10.0; Win64; x64) AppleWebKit/537.36 (KHTML, like Gecko) Chrome/146.0.0.0 Safari/537.36"
93.28.10.40 - - [09/Apr/2026:12:12:42 +0000] "GET /api/session/qr?1775736774407 HTTP/1.1" 200 474 "http://178.104.41.200:5000/roulette/display" "Mozilla/5.0 (Windows NT 10.0; Win64; x64) AppleWebKit/537.36 (KHTML, like Gecko) Chrome/146.0.0.0 Safari/537.36"
93.28.10.40 - - [09/Apr/2026:12:12:43 +0000] "GET /api/session/status HTTP/1.1" 200 128 "http://178.104.41.200:5000/roulette/display" "Mozilla/5.0 (Windows NT 10.0; Win64; x64) AppleWebKit/537.36 (KHTML, like Gecko) Chrome/146.0.0.0 Safari/537.36"
93.28.10.40 - - [09/Apr/2026:12:12:44 +0000] "GET /api/session/status HTTP/1.1" 200 128 "http://178.104.41.200:5000/roulette/display" "Mozilla/5.0 (Windows NT 10.0; Win64; x64) AppleWebKit/537.36 (KHTML, like Gecko) Chrome/146.0.0.0 Safari/537.36"
93.28.10.40 - - [09/Apr/2026:12:12:45 +0000] "GET /api/session/status HTTP/1.1" 200 128 "http://178.104.41.200:5000/roulette/display" "Mozilla/5.0 (Windows NT 10.0; Win64; x64) AppleWebKit/537.36 (KHTML, like Gecko) Chrome/146.0.0.0 Safari/537.36"
93.28.10.40 - - [09/Apr/2026:12:12:46 +0000] "GET /api/session/status HTTP/1.1" 200 128 "http://178.104.41.200:5000/roulette/display" "Mozilla/5.0 (Windows NT 10.0; Win64; x64) AppleWebKit/537.36 (KHTML, like Gecko) Chrome/146.0.0.0 Safari/537.36"
93.28.10.40 - - [09/Apr/2026:12:12:48 +0000] "GET /api/session/status HTTP/1.1" 200 128 "http://178.104.41.200:5000/roulette/display" "Mozilla/5.0 (Windows NT 10.0; Win64; x64) AppleWebKit/537.36 (KHTML, like Gecko) Chrome/146.0.0.0 Safari/537.36"
93.28.10.40 - - [09/Apr/2026:12:12:49 +0000] "GET /api/session/status HTTP/1.1" 200 128 "http://178.104.41.200:5000/roulette/display" "Mozilla/5.0 (Windows NT 10.0; Win64; x64) AppleWebKit/537.36 (KHTML, like Gecko) Chrome/146.0.0.0 Safari/537.36"
93.28.10.40 - - [09/Apr/2026:12:12:50 +0000] "GET /api/session/status HTTP/1.1" 200 128 "http://178.104.41.200:5000/roulette/display" "Mozilla/5.0 (Windows NT 10.0; Win64; x64) AppleWebKit/537.36 (KHTML, like Gecko) Chrome/146.0.0.0 Safari/537.36"
93.28.10.40 - - [09/Apr/2026:12:12:51 +0000] "GET /api/session/status HTTP/1.1" 200 128 "http://178.104.41.200:5000/roulette/display" "Mozilla/5.0 (Windows NT 10.0; Win64; x64) AppleWebKit/537.36 (KHTML, like Gecko) Chrome/146.0.0.0 Safari/537.36"
93.28.10.40 - - [09/Apr/2026:12:12:53 +0000] "GET /api/session/status HTTP/1.1" 200 128 "http://178.104.41.200:5000/roulette/display" "Mozilla/5.0 (Windows NT 10.0; Win64; x64) AppleWebKit/537.36 (KHTML, like Gecko) Chrome/146.0.0.0 Safari/537.36"
93.28.10.40 - - [09/Apr/2026:12:12:55 +0000] "GET /api/session/status HTTP/1.1" 200 128 "http://178.104.41.200:5000/roulette/display" "Mozilla/5.0 (Windows NT 10.0; Win64; x64) AppleWebKit/537.36 (KHTML, like Gecko) Chrome/146.0.0.0 Safari/537.36"
93.28.10.40 - - [09/Apr/2026:12:12:57 +0000] "GET /api/session/status HTTP/1.1" 200 128 "http://178.104.41.200:5000/roulette/display" "Mozilla/5.0 (Windows NT 10.0; Win64; x64) AppleWebKit/537.36 (KHTML, like Gecko) Chrome/146.0.0.0 Safari/537.36"
93.28.10.40 - - [09/Apr/2026:12:12:59 +0000] "GET /api/session/status HTTP/1.1" 200 128 "http://178.104.41.200:5000/roulette/display" "Mozilla/5.0 (Windows NT 10.0; Win64; x64) AppleWebKit/537.36 (KHTML, like Gecko) Chrome/146.0.0.0 Safari/537.36"
93.28.10.40 - - [09/Apr/2026:12:13:01 +0000] "GET /api/session/status HTTP/1.1" 200 128 "http://178.104.41.200:5000/roulette/display" "Mozilla/5.0 (Windows NT 10.0; Win64; x64) AppleWebKit/537.36 (KHTML, like Gecko) Chrome/146.0.0.0 Safari/537.36"
93.28.10.40 - - [09/Apr/2026:12:13:03 +0000] "GET /api/session/status HTTP/1.1" 200 128 "http://178.104.41.200:5000/roulette/display" "Mozilla/5.0 (Windows NT 10.0; Win64; x64) AppleWebKit/537.36 (KHTML, like Gecko) Chrome/146.0.0.0 Safari/537.36"
93.28.10.40 - - [09/Apr/2026:12:13:05 +0000] "GET /api/session/status HTTP/1.1" 200 128 "http://178.104.41.200:5000/roulette/display" "Mozilla/5.0 (Windows NT 10.0; Win64; x64) AppleWebKit/537.36 (KHTML, like Gecko) Chrome/146.0.0.0 Safari/537.36"
93.28.10.40 - - [09/Apr/2026:12:13:07 +0000] "GET /api/session/status HTTP/1.1" 200 128 "http://178.104.41.200:5000/roulette/display" "Mozilla/5.0 (Windows NT 10.0; Win64; x64) AppleWebKit/537.36 (KHTML, like Gecko) Chrome/146.0.0.0 Safari/537.36"
93.28.10.40 - - [09/Apr/2026:12:13:09 +0000] "GET /api/session/status HTTP/1.1" 200 128 "http://178.104.41.200:5000/roulette/display" "Mozilla/5.0 (Windows NT 10.0; Win64; x64) AppleWebKit/537.36 (KHTML, like Gecko) Chrome/146.0.0.0 Safari/537.36"
93.28.10.40 - - [09/Apr/2026:12:13:11 +0000] "GET /api/session/status HTTP/1.1" 200 128 "http://178.104.41.200:5000/roulette/display" "Mozilla/5.0 (Windows NT 10.0; Win64; x64) AppleWebKit/537.36 (KHTML, like Gecko) Chrome/146.0.0.0 Safari/537.36"
93.28.10.40 - - [09/Apr/2026:12:13:13 +0000] "GET /api/session/status HTTP/1.1" 200 128 "http://178.104.41.200:5000/roulette/display" "Mozilla/5.0 (Windows NT 10.0; Win64; x64) AppleWebKit/537.36 (KHTML, like Gecko) Chrome/146.0.0.0 Safari/537.36"
93.28.10.40 - - [09/Apr/2026:12:13:15 +0000] "GET /api/session/status HTTP/1.1" 200 128 "http://178.104.41.200:5000/roulette/display" "Mozilla/5.0 (Windows NT 10.0; Win64; x64) AppleWebKit/537.36 (KHTML, like Gecko) Chrome/146.0.0.0 Safari/537.36"
93.28.10.40 - - [09/Apr/2026:12:13:17 +0000] "GET /api/session/status HTTP/1.1" 200 128 "http://178.104.41.200:5000/roulette/display" "Mozilla/5.0 (Windows NT 10.0; Win64; x64) AppleWebKit/537.36 (KHTML, like Gecko) Chrome/146.0.0.0 Safari/537.36"
93.28.10.40 - - [09/Apr/2026:12:13:18 +0000] "GET /api/session/status HTTP/1.1" 200 128 "http://178.104.41.200:5000/roulette/display" "Mozilla/5.0 (Windows NT 10.0; Win64; x64) AppleWebKit/537.36 (KHTML, like Gecko) Chrome/146.0.0.0 Safari/537.36"
93.28.10.40 - - [09/Apr/2026:12:13:19 +0000] "GET /api/session/status HTTP/1.1" 200 128 "http://178.104.41.200:5000/roulette/display" "Mozilla/5.0 (Windows NT 10.0; Win64; x64) AppleWebKit/537.36 (KHTML, like Gecko) Chrome/146.0.0.0 Safari/537.36"
93.28.10.40 - - [09/Apr/2026:12:13:20 +0000] "GET /api/session/status HTTP/1.1" 200 128 "http://178.104.41.200:5000/roulette/display" "Mozilla/5.0 (Windows NT 10.0; Win64; x64) AppleWebKit/537.36 (KHTML, like Gecko) Chrome/146.0.0.0 Safari/537.36"
93.28.10.40 - - [09/Apr/2026:12:13:21 +0000] "GET /api/session/status HTTP/1.1" 200 128 "http://178.104.41.200:5000/roulette/display" "Mozilla/5.0 (Windows NT 10.0; Win64; x64) AppleWebKit/537.36 (KHTML, like Gecko) Chrome/146.0.0.0 Safari/537.36"
93.28.10.40 - - [09/Apr/2026:12:13:22 +0000] "GET /api/session/status HTTP/1.1" 200 128 "http://178.104.41.200:5000/roulette/display" "Mozilla/5.0 (Windows NT 10.0; Win64; x64) AppleWebKit/537.36 (KHTML, like Gecko) Chrome/146.0.0.0 Safari/537.36"
93.28.10.40 - - [09/Apr/2026:12:13:23 +0000] "GET /api/session/status HTTP/1.1" 200 128 "http://178.104.41.200:5000/roulette/display" "Mozilla/5.0 (Windows NT 10.0; Win64; x64) AppleWebKit/537.36 (KHTML, like Gecko) Chrome/146.0.0.0 Safari/537.36"
93.28.10.40 - - [09/Apr/2026:12:13:24 +0000] "GET /api/session/status HTTP/1.1" 200 128 "http://178.104.41.200:5000/roulette/display" "Mozilla/5.0 (Windows NT 10.0; Win64; x64) AppleWebKit/537.36 (KHTML, like Gecko) Chrome/146.0.0.0 Safari/537.36"
93.28.10.40 - - [09/Apr/2026:12:13:26 +0000] "GET /api/session/status HTTP/1.1" 200 128 "http://178.104.41.200:5000/roulette/display" "Mozilla/5.0 (Windows NT 10.0; Win64; x64) AppleWebKit/537.36 (KHTML, like Gecko) Chrome/146.0.0.0 Safari/537.36"
93.28.10.40 - - [09/Apr/2026:12:13:28 +0000] "GET /api/session/status HTTP/1.1" 200 128 "http://178.104.41.200:5000/roulette/display" "Mozilla/5.0 (Windows NT 10.0; Win64; x64) AppleWebKit/537.36 (KHTML, like Gecko) Chrome/146.0.0.0 Safari/537.36"
93.28.10.40 - - [09/Apr/2026:12:13:30 +0000] "GET /api/session/status HTTP/1.1" 200 128 "http://178.104.41.200:5000/roulette/display" "Mozilla/5.0 (Windows NT 10.0; Win64; x64) AppleWebKit/537.36 (KHTML, like Gecko) Chrome/146.0.0.0 Safari/537.36"
93.28.10.40 - - [09/Apr/2026:12:13:32 +0000] "GET /api/session/status HTTP/1.1" 200 128 "http://178.104.41.200:5000/roulette/display" "Mozilla/5.0 (Windows NT 10.0; Win64; x64) AppleWebKit/537.36 (KHTML, like Gecko) Chrome/146.0.0.0 Safari/537.36"
93.28.10.40 - - [09/Apr/2026:12:13:33 +0000] "GET /api/session/status HTTP/1.1" 200 128 "http://178.104.41.200:5000/roulette/display" "Mozilla/5.0 (Windows NT 10.0; Win64; x64) AppleWebKit/537.36 (KHTML, like Gecko) Chrome/146.0.0.0 Safari/537.36"
93.28.10.40 - - [09/Apr/2026:12:13:34 +0000] "GET /api/session/status HTTP/1.1" 200 128 "http://178.104.41.200:5000/roulette/display" "Mozilla/5.0 (Windows NT 10.0; Win64; x64) AppleWebKit/537.36 (KHTML, like Gecko) Chrome/146.0.0.0 Safari/537.36"
93.28.10.40 - - [09/Apr/2026:12:13:35 +0000] "GET /api/session/status HTTP/1.1" 200 128 "http://178.104.41.200:5000/roulette/display" "Mozilla/5.0 (Windows NT 10.0; Win64; x64) AppleWebKit/537.36 (KHTML, like Gecko) Chrome/146.0.0.0 Safari/537.36"
93.28.10.40 - - [09/Apr/2026:12:13:36 +0000] "GET /api/session/status HTTP/1.1" 200 128 "http://178.104.41.200:5000/roulette/display" "Mozilla/5.0 (Windows NT 10.0; Win64; x64) AppleWebKit/537.36 (KHTML, like Gecko) Chrome/146.0.0.0 Safari/537.36"
93.28.10.40 - - [09/Apr/2026:12:13:37 +0000] "GET /api/session/status HTTP/1.1" 200 128 "http://178.104.41.200:5000/roulette/display" "Mozilla/5.0 (Windows NT 10.0; Win64; x64) AppleWebKit/537.36 (KHTML, like Gecko) Chrome/146.0.0.0 Safari/537.36"
93.28.10.40 - - [09/Apr/2026:12:13:38 +0000] "GET /api/session/status HTTP/1.1" 200 128 "http://178.104.41.200:5000/roulette/display" "Mozilla/5.0 (Windows NT 10.0; Win64; x64) AppleWebKit/537.36 (KHTML, like Gecko) Chrome/146.0.0.0 Safari/537.36"
93.28.10.40 - - [09/Apr/2026:12:13:39 +0000] "GET /api/session/status HTTP/1.1" 200 128 "http://178.104.41.200:5000/roulette/display" "Mozilla/5.0 (Windows NT 10.0; Win64; x64) AppleWebKit/537.36 (KHTML, like Gecko) Chrome/146.0.0.0 Safari/537.36"
93.28.10.40 - - [09/Apr/2026:12:13:41 +0000] "GET /api/session/status HTTP/1.1" 200 128 "http://178.104.41.200:5000/roulette/display" "Mozilla/5.0 (Windows NT 10.0; Win64; x64) AppleWebKit/537.36 (KHTML, like Gecko) Chrome/146.0.0.0 Safari/537.36"
93.28.10.40 - - [09/Apr/2026:12:13:42 +0000] "GET /api/session/status HTTP/1.1" 200 128 "http://178.104.41.200:5000/roulette/display" "Mozilla/5.0 (Windows NT 10.0; Win64; x64) AppleWebKit/537.36 (KHTML, like Gecko) Chrome/146.0.0.0 Safari/537.36"
93.28.10.40 - - [09/Apr/2026:12:13:43 +0000] "GET /api/session/status HTTP/1.1" 200 128 "http://178.104.41.200:5000/roulette/display" "Mozilla/5.0 (Windows NT 10.0; Win64; x64) AppleWebKit/537.36 (KHTML, like Gecko) Chrome/146.0.0.0 Safari/537.36"
93.28.10.40 - - [09/Apr/2026:12:13:45 +0000] "GET /api/session/status HTTP/1.1" 200 128 "http://178.104.41.200:5000/roulette/display" "Mozilla/5.0 (Windows NT 10.0; Win64; x64) AppleWebKit/537.36 (KHTML, like Gecko) Chrome/146.0.0.0 Safari/537.36"
93.28.10.40 - - [09/Apr/2026:12:13:47 +0000] "GET /api/session/status HTTP/1.1" 200 128 "http://178.104.41.200:5000/roulette/display" "Mozilla/5.0 (Windows NT 10.0; Win64; x64) AppleWebKit/537.36 (KHTML, like Gecko) Chrome/146.0.0.0 Safari/537.36"
93.28.10.40 - - [09/Apr/2026:12:13:49 +0000] "GET /api/session/status HTTP/1.1" 200 128 "http://178.104.41.200:5000/roulette/display" "Mozilla/5.0 (Windows NT 10.0; Win64; x64) AppleWebKit/537.36 (KHTML, like Gecko) Chrome/146.0.0.0 Safari/537.36"
93.28.10.40 - - [09/Apr/2026:12:13:51 +0000] "GET /api/session/status HTTP/1.1" 200 128 "http://178.104.41.200:5000/roulette/display" "Mozilla/5.0 (Windows NT 10.0; Win64; x64) AppleWebKit/537.36 (KHTML, like Gecko) Chrome/146.0.0.0 Safari/537.36"
93.28.10.40 - - [09/Apr/2026:12:13:52 +0000] "GET /api/session/status HTTP/1.1" 200 128 "http://178.104.41.200:5000/roulette/display" "Mozilla/5.0 (Windows NT 10.0; Win64; x64) AppleWebKit/537.36 (KHTML, like Gecko) Chrome/146.0.0.0 Safari/537.36"
93.28.10.40 - - [09/Apr/2026:12:13:53 +0000] "GET /api/session/status HTTP/1.1" 200 128 "http://178.104.41.200:5000/roulette/display" "Mozilla/5.0 (Windows NT 10.0; Win64; x64) AppleWebKit/537.36 (KHTML, like Gecko) Chrome/146.0.0.0 Safari/537.36"
93.28.10.40 - - [09/Apr/2026:12:13:54 +0000] "GET /api/session/status HTTP/1.1" 200 128 "http://178.104.41.200:5000/roulette/display" "Mozilla/5.0 (Windows NT 10.0; Win64; x64) AppleWebKit/537.36 (KHTML, like Gecko) Chrome/146.0.0.0 Safari/537.36"
93.28.10.40 - - [09/Apr/2026:12:13:55 +0000] "GET /api/session/status HTTP/1.1" 200 128 "http://178.104.41.200:5000/roulette/display" "Mozilla/5.0 (Windows NT 10.0; Win64; x64) AppleWebKit/537.36 (KHTML, like Gecko) Chrome/146.0.0.0 Safari/537.36"
93.28.10.40 - - [09/Apr/2026:12:13:56 +0000] "POST /api/admin/mode HTTP/1.1" 400 125 "http://178.104.41.200:5000/admin" "Mozilla/5.0 (Windows NT 10.0; Win64; x64) AppleWebKit/537.36 (KHTML, like Gecko) Chrome/146.0.0.0 Safari/537.36"
93.28.10.40 - - [09/Apr/2026:12:13:56 +0000] "GET /api/session/status HTTP/1.1" 200 128 "http://178.104.41.200:5000/roulette/display" "Mozilla/5.0 (Windows NT 10.0; Win64; x64) AppleWebKit/537.36 (KHTML, like Gecko) Chrome/146.0.0.0 Safari/537.36"
93.28.10.40 - - [09/Apr/2026:12:13:57 +0000] "GET /api/session/status HTTP/1.1" 200 128 "http://178.104.41.200:5000/roulette/display" "Mozilla/5.0 (Windows NT 10.0; Win64; x64) AppleWebKit/537.36 (KHTML, like Gecko) Chrome/146.0.0.0 Safari/537.36"
93.28.10.40 - - [09/Apr/2026:12:13:58 +0000] "POST /api/admin/mode HTTP/1.1" 400 125 "http://178.104.41.200:5000/admin" "Mozilla/5.0 (Windows NT 10.0; Win64; x64) AppleWebKit/537.36 (KHTML, like Gecko) Chrome/146.0.0.0 Safari/537.36"
93.28.10.40 - - [09/Apr/2026:12:13:58 +0000] "GET /api/session/status HTTP/1.1" 200 128 "http://178.104.41.200:5000/roulette/display" "Mozilla/5.0 (Windows NT 10.0; Win64; x64) AppleWebKit/537.36 (KHTML, like Gecko) Chrome/146.0.0.0 Safari/537.36"
93.28.10.40 - - [09/Apr/2026:12:13:59 +0000] "GET /api/session/status HTTP/1.1" 200 128 "http://178.104.41.200:5000/roulette/display" "Mozilla/5.0 (Windows NT 10.0; Win64; x64) AppleWebKit/537.36 (KHTML, like Gecko) Chrome/146.0.0.0 Safari/537.36"
93.28.10.40 - - [09/Apr/2026:12:14:00 +0000] "GET /api/session/status HTTP/1.1" 200 128 "http://178.104.41.200:5000/roulette/display" "Mozilla/5.0 (Windows NT 10.0; Win64; x64) AppleWebKit/537.36 (KHTML, like Gecko) Chrome/146.0.0.0 Safari/537.36"
93.28.10.40 - - [09/Apr/2026:12:14:01 +0000] "GET /api/session/status HTTP/1.1" 200 128 "http://178.104.41.200:5000/roulette/display" "Mozilla/5.0 (Windows NT 10.0; Win64; x64) AppleWebKit/537.36 (KHTML, like Gecko) Chrome/146.0.0.0 Safari/537.36"
93.28.10.40 - - [09/Apr/2026:12:14:02 +0000] "GET /api/session/status HTTP/1.1" 200 128 "http://178.104.41.200:5000/roulette/display" "Mozilla/5.0 (Windows NT 10.0; Win64; x64) AppleWebKit/537.36 (KHTML, like Gecko) Chrome/146.0.0.0 Safari/537.36"
93.28.10.40 - - [09/Apr/2026:12:14:03 +0000] "POST /api/admin/session/spin HTTP/1.1" 400 125 "http://178.104.41.200:5000/admin" "Mozilla/5.0 (Windows NT 10.0; Win64; x64) AppleWebKit/537.36 (KHTML, like Gecko) Chrome/146.0.0.0 Safari/537.36"
93.28.10.40 - - [09/Apr/2026:12:14:04 +0000] "GET /api/session/status HTTP/1.1" 200 128 "http://178.104.41.200:5000/roulette/display" "Mozilla/5.0 (Windows NT 10.0; Win64; x64) AppleWebKit/537.36 (KHTML, like Gecko) Chrome/146.0.0.0 Safari/537.36"
93.28.10.40 - - [09/Apr/2026:12:14:05 +0000] "GET /api/session/status HTTP/1.1" 200 128 "http://178.104.41.200:5000/roulette/display" "Mozilla/5.0 (Windows NT 10.0; Win64; x64) AppleWebKit/537.36 (KHTML, like Gecko) Chrome/146.0.0.0 Safari/537.36"
93.28.10.40 - - [09/Apr/2026:12:14:05 +0000] "POST /api/admin/session/spin HTTP/1.1" 400 125 "http://178.104.41.200:5000/admin" "Mozilla/5.0 (Windows NT 10.0; Win64; x64) AppleWebKit/537.36 (KHTML, like Gecko) Chrome/146.0.0.0 Safari/537.36"
93.28.10.40 - - [09/Apr/2026:12:14:06 +0000] "GET /api/session/status HTTP/1.1" 200 126 "http://178.104.41.200:5000/roulette/display" "Mozilla/5.0 (Windows NT 10.0; Win64; x64) AppleWebKit/537.36 (KHTML, like Gecko) Chrome/146.0.0.0 Safari/537.36"
93.28.10.40 - - [09/Apr/2026:12:14:07 +0000] "GET /api/session/status HTTP/1.1" 200 126 "http://178.104.41.200:5000/roulette/display" "Mozilla/5.0 (Windows NT 10.0; Win64; x64) AppleWebKit/537.36 (KHTML, like Gecko) Chrome/146.0.0.0 Safari/537.36"
93.28.10.40 - - [09/Apr/2026:12:14:08 +0000] "GET /api/session/status HTTP/1.1" 200 126 "http://178.104.41.200:5000/roulette/display" "Mozilla/5.0 (Windows NT 10.0; Win64; x64) AppleWebKit/537.36 (KHTML, like Gecko) Chrome/146.0.0.0 Safari/537.36"
93.28.10.40 - - [09/Apr/2026:12:14:09 +0000] "GET /api/session/status HTTP/1.1" 200 126 "http://178.104.41.200:5000/roulette/display" "Mozilla/5.0 (Windows NT 10.0; Win64; x64) AppleWebKit/537.36 (KHTML, like Gecko) Chrome/146.0.0.0 Safari/537.36"
93.28.10.40 - - [09/Apr/2026:12:14:10 +0000] "GET /api/session/status HTTP/1.1" 200 126 "http://178.104.41.200:5000/roulette/display" "Mozilla/5.0 (Windows NT 10.0; Win64; x64) AppleWebKit/537.36 (KHTML, like Gecko) Chrome/146.0.0.0 Safari/537.36"
93.28.10.40 - - [09/Apr/2026:12:14:11 +0000] "GET /api/session/status HTTP/1.1" 200 126 "http://178.104.41.200:5000/roulette/display" "Mozilla/5.0 (Windows NT 10.0; Win64; x64) AppleWebKit/537.36 (KHTML, like Gecko) Chrome/146.0.0.0 Safari/537.36"
93.28.10.40 - - [09/Apr/2026:12:14:12 +0000] "GET /api/session/status HTTP/1.1" 200 126 "http://178.104.41.200:5000/roulette/display" "Mozilla/5.0 (Windows NT 10.0; Win64; x64) AppleWebKit/537.36 (KHTML, like Gecko) Chrome/146.0.0.0 Safari/537.36"
93.28.10.40 - - [09/Apr/2026:12:14:13 +0000] "GET /api/session/status HTTP/1.1" 200 126 "http://178.104.41.200:5000/roulette/display" "Mozilla/5.0 (Windows NT 10.0; Win64; x64) AppleWebKit/537.36 (KHTML, like Gecko) Chrome/146.0.0.0 Safari/537.36"
93.28.10.40 - - [09/Apr/2026:12:14:14 +0000] "GET /api/session/status HTTP/1.1" 200 126 "http://178.104.41.200:5000/roulette/display" "Mozilla/5.0 (Windows NT 10.0; Win64; x64) AppleWebKit/537.36 (KHTML, like Gecko) Chrome/146.0.0.0 Safari/537.36"
93.28.10.40 - - [09/Apr/2026:12:14:15 +0000] "GET /api/session/status HTTP/1.1" 200 126 "http://178.104.41.200:5000/roulette/display" "Mozilla/5.0 (Windows NT 10.0; Win64; x64) AppleWebKit/537.36 (KHTML, like Gecko) Chrome/146.0.0.0 Safari/537.36"
93.28.10.40 - - [09/Apr/2026:12:14:16 +0000] "GET /api/session/status HTTP/1.1" 200 126 "http://178.104.41.200:5000/roulette/display" "Mozilla/5.0 (Windows NT 10.0; Win64; x64) AppleWebKit/537.36 (KHTML, like Gecko) Chrome/146.0.0.0 Safari/537.36"
93.28.10.40 - - [09/Apr/2026:12:14:17 +0000] "GET /api/session/status HTTP/1.1" 200 126 "http://178.104.41.200:5000/roulette/display" "Mozilla/5.0 (Windows NT 10.0; Win64; x64) AppleWebKit/537.36 (KHTML, like Gecko) Chrome/146.0.0.0 Safari/537.36"
93.28.10.40 - - [09/Apr/2026:12:14:18 +0000] "GET /api/session/status HTTP/1.1" 200 126 "http://178.104.41.200:5000/roulette/display" "Mozilla/5.0 (Windows NT 10.0; Win64; x64) AppleWebKit/537.36 (KHTML, like Gecko) Chrome/146.0.0.0 Safari/537.36"
93.28.10.40 - - [09/Apr/2026:12:14:19 +0000] "GET /api/session/status HTTP/1.1" 200 126 "http://178.104.41.200:5000/roulette/display" "Mozilla/5.0 (Windows NT 10.0; Win64; x64) AppleWebKit/537.36 (KHTML, like Gecko) Chrome/146.0.0.0 Safari/537.36"
93.28.10.40 - - [09/Apr/2026:12:14:20 +0000] "GET /api/session/status HTTP/1.1" 200 126 "http://178.104.41.200:5000/roulette/display" "Mozilla/5.0 (Windows NT 10.0; Win64; x64) AppleWebKit/537.36 (KHTML, like Gecko) Chrome/146.0.0.0 Safari/537.36"
93.28.10.40 - - [09/Apr/2026:12:14:21 +0000] "GET /api/session/status HTTP/1.1" 200 126 "http://178.104.41.200:5000/roulette/display" "Mozilla/5.0 (Windows NT 10.0; Win64; x64) AppleWebKit/537.36 (KHTML, like Gecko) Chrome/146.0.0.0 Safari/537.36"
93.28.10.40 - - [09/Apr/2026:12:14:23 +0000] "GET /api/session/status HTTP/1.1" 200 126 "http://178.104.41.200:5000/roulette/display" "Mozilla/5.0 (Windows NT 10.0; Win64; x64) AppleWebKit/537.36 (KHTML, like Gecko) Chrome/146.0.0.0 Safari/537.36"
93.28.10.40 - - [09/Apr/2026:12:14:24 +0000] "GET /api/session/status HTTP/1.1" 200 126 "http://178.104.41.200:5000/roulette/display" "Mozilla/5.0 (Windows NT 10.0; Win64; x64) AppleWebKit/537.36 (KHTML, like Gecko) Chrome/146.0.0.0 Safari/537.36"
93.28.10.40 - - [09/Apr/2026:12:14:25 +0000] "GET /api/session/status HTTP/1.1" 200 126 "http://178.104.41.200:5000/roulette/display" "Mozilla/5.0 (Windows NT 10.0; Win64; x64) AppleWebKit/537.36 (KHTML, like Gecko) Chrome/146.0.0.0 Safari/537.36"
93.28.10.40 - - [09/Apr/2026:12:14:26 +0000] "GET /api/session/status HTTP/1.1" 200 125 "http://178.104.41.200:5000/roulette/display" "Mozilla/5.0 (Windows NT 10.0; Win64; x64) AppleWebKit/537.36 (KHTML, like Gecko) Chrome/146.0.0.0 Safari/537.36"
93.28.10.40 - - [09/Apr/2026:12:14:27 +0000] "GET /api/session/status HTTP/1.1" 200 125 "http://178.104.41.200:5000/roulette/display" "Mozilla/5.0 (Windows NT 10.0; Win64; x64) AppleWebKit/537.36 (KHTML, like Gecko) Chrome/146.0.0.0 Safari/537.36"
93.28.10.40 - - [09/Apr/2026:12:14:28 +0000] "GET /api/session/status HTTP/1.1" 200 125 "http://178.104.41.200:5000/roulette/display" "Mozilla/5.0 (Windows NT 10.0; Win64; x64) AppleWebKit/537.36 (KHTML, like Gecko) Chrome/146.0.0.0 Safari/537.36"
93.28.10.40 - - [09/Apr/2026:12:14:29 +0000] "GET /api/session/status HTTP/1.1" 200 125 "http://178.104.41.200:5000/roulette/display" "Mozilla/5.0 (Windows NT 10.0; Win64; x64) AppleWebKit/537.36 (KHTML, like Gecko) Chrome/146.0.0.0 Safari/537.36"
93.28.10.40 - - [09/Apr/2026:12:14:30 +0000] "GET /api/session/status HTTP/1.1" 200 125 "http://178.104.41.200:5000/roulette/display" "Mozilla/5.0 (Windows NT 10.0; Win64; x64) AppleWebKit/537.36 (KHTML, like Gecko) Chrome/146.0.0.0 Safari/537.36"
93.28.10.40 - - [09/Apr/2026:12:14:31 +0000] "GET /api/session/status HTTP/1.1" 200 125 "http://178.104.41.200:5000/roulette/display" "Mozilla/5.0 (Windows NT 10.0; Win64; x64) AppleWebKit/537.36 (KHTML, like Gecko) Chrome/146.0.0.0 Safari/537.36"
93.28.10.40 - - [09/Apr/2026:12:14:32 +0000] "GET /api/session/status HTTP/1.1" 200 125 "http://178.104.41.200:5000/roulette/display" "Mozilla/5.0 (Windows NT 10.0; Win64; x64) AppleWebKit/537.36 (KHTML, like Gecko) Chrome/146.0.0.0 Safari/537.36"
93.28.10.40 - - [09/Apr/2026:12:14:33 +0000] "GET /api/session/status HTTP/1.1" 200 125 "http://178.104.41.200:5000/roulette/display" "Mozilla/5.0 (Windows NT 10.0; Win64; x64) AppleWebKit/537.36 (KHTML, like Gecko) Chrome/146.0.0.0 Safari/537.36"
93.28.10.40 - - [09/Apr/2026:12:14:34 +0000] "GET /api/session/status HTTP/1.1" 200 125 "http://178.104.41.200:5000/roulette/display" "Mozilla/5.0 (Windows NT 10.0; Win64; x64) AppleWebKit/537.36 (KHTML, like Gecko) Chrome/146.0.0.0 Safari/537.36"
93.28.10.40 - - [09/Apr/2026:12:14:35 +0000] "GET /api/session/status HTTP/1.1" 200 125 "http://178.104.41.200:5000/roulette/display" "Mozilla/5.0 (Windows NT 10.0; Win64; x64) AppleWebKit/537.36 (KHTML, like Gecko) Chrome/146.0.0.0 Safari/537.36"
93.28.10.40 - - [09/Apr/2026:12:14:36 +0000] "GET /api/session/status HTTP/1.1" 200 125 "http://178.104.41.200:5000/roulette/display" "Mozilla/5.0 (Windows NT 10.0; Win64; x64) AppleWebKit/537.36 (KHTML, like Gecko) Chrome/146.0.0.0 Safari/537.36"
93.28.10.40 - - [09/Apr/2026:12:14:38 +0000] "GET /api/session/status HTTP/1.1" 200 125 "http://178.104.41.200:5000/roulette/display" "Mozilla/5.0 (Windows NT 10.0; Win64; x64) AppleWebKit/537.36 (KHTML, like Gecko) Chrome/146.0.0.0 Safari/537.36"
93.28.10.40 - - [09/Apr/2026:12:14:39 +0000] "GET /api/session/status HTTP/1.1" 200 125 "http://178.104.41.200:5000/roulette/display" "Mozilla/5.0 (Windows NT 10.0; Win64; x64) AppleWebKit/537.36 (KHTML, like Gecko) Chrome/146.0.0.0 Safari/537.36"
93.28.10.40 - - [09/Apr/2026:12:14:40 +0000] "GET /api/session/status HTTP/1.1" 200 125 "http://178.104.41.200:5000/roulette/display" "Mozilla/5.0 (Windows NT 10.0; Win64; x64) AppleWebKit/537.36 (KHTML, like Gecko) Chrome/146.0.0.0 Safari/537.36"
93.28.10.40 - - [09/Apr/2026:12:14:41 +0000] "GET /api/session/status HTTP/1.1" 200 127 "http://178.104.41.200:5000/roulette/display" "Mozilla/5.0 (Windows NT 10.0; Win64; x64) AppleWebKit/537.36 (KHTML, like Gecko) Chrome/146.0.0.0 Safari/537.36"
93.28.10.40 - - [09/Apr/2026:12:14:42 +0000] "GET /api/session/status HTTP/1.1" 200 127 "http://178.104.41.200:5000/roulette/display" "Mozilla/5.0 (Windows NT 10.0; Win64; x64) AppleWebKit/537.36 (KHTML, like Gecko) Chrome/146.0.0.0 Safari/537.36"
93.28.10.40 - - [09/Apr/2026:12:14:43 +0000] "GET /api/session/status HTTP/1.1" 200 127 "http://178.104.41.200:5000/roulette/display" "Mozilla/5.0 (Windows NT 10.0; Win64; x64) AppleWebKit/537.36 (KHTML, like Gecko) Chrome/146.0.0.0 Safari/537.36"
93.28.10.40 - - [09/Apr/2026:12:14:44 +0000] "GET /api/session/status HTTP/1.1" 200 127 "http://178.104.41.200:5000/roulette/display" "Mozilla/5.0 (Windows NT 10.0; Win64; x64) AppleWebKit/537.36 (KHTML, like Gecko) Chrome/146.0.0.0 Safari/537.36"
93.28.10.40 - - [09/Apr/2026:12:14:45 +0000] "GET /api/session/status HTTP/1.1" 200 127 "http://178.104.41.200:5000/roulette/display" "Mozilla/5.0 (Windows NT 10.0; Win64; x64) AppleWebKit/537.36 (KHTML, like Gecko) Chrome/146.0.0.0 Safari/537.36"
93.28.10.40 - - [09/Apr/2026:12:14:46 +0000] "GET /api/session/status HTTP/1.1" 200 127 "http://178.104.41.200:5000/roulette/display" "Mozilla/5.0 (Windows NT 10.0; Win64; x64) AppleWebKit/537.36 (KHTML, like Gecko) Chrome/146.0.0.0 Safari/537.36"
93.28.10.40 - - [09/Apr/2026:12:14:47 +0000] "GET /api/session/status HTTP/1.1" 200 127 "http://178.104.41.200:5000/roulette/display" "Mozilla/5.0 (Windows NT 10.0; Win64; x64) AppleWebKit/537.36 (KHTML, like Gecko) Chrome/146.0.0.0 Safari/537.36"
93.28.10.40 - - [09/Apr/2026:12:14:48 +0000] "GET /api/session/status HTTP/1.1" 200 127 "http://178.104.41.200:5000/roulette/display" "Mozilla/5.0 (Windows NT 10.0; Win64; x64) AppleWebKit/537.36 (KHTML, like Gecko) Chrome/146.0.0.0 Safari/537.36"
93.28.10.40 - - [09/Apr/2026:12:14:49 +0000] "GET /api/session/status HTTP/1.1" 200 127 "http://178.104.41.200:5000/roulette/display" "Mozilla/5.0 (Windows NT 10.0; Win64; x64) AppleWebKit/537.36 (KHTML, like Gecko) Chrome/146.0.0.0 Safari/537.36"
93.28.10.40 - - [09/Apr/2026:12:14:50 +0000] "GET /api/session/status HTTP/1.1" 200 127 "http://178.104.41.200:5000/roulette/display" "Mozilla/5.0 (Windows NT 10.0; Win64; x64) AppleWebKit/537.36 (KHTML, like Gecko) Chrome/146.0.0.0 Safari/537.36"
93.28.10.40 - - [09/Apr/2026:12:14:51 +0000] "GET /api/session/status HTTP/1.1" 200 127 "http://178.104.41.200:5000/roulette/display" "Mozilla/5.0 (Windows NT 10.0; Win64; x64) AppleWebKit/537.36 (KHTML, like Gecko) Chrome/146.0.0.0 Safari/537.36"
93.28.10.40 - - [09/Apr/2026:12:14:52 +0000] "GET /api/session/status HTTP/1.1" 200 127 "http://178.104.41.200:5000/roulette/display" "Mozilla/5.0 (Windows NT 10.0; Win64; x64) AppleWebKit/537.36 (KHTML, like Gecko) Chrome/146.0.0.0 Safari/537.36"
93.28.10.40 - - [09/Apr/2026:12:14:53 +0000] "GET /api/session/status HTTP/1.1" 200 127 "http://178.104.41.200:5000/roulette/display" "Mozilla/5.0 (Windows NT 10.0; Win64; x64) AppleWebKit/537.36 (KHTML, like Gecko) Chrome/146.0.0.0 Safari/537.36"
92.184.144.201 - - [09/Apr/2026:12:14:54 +0000] "POST /api/admin/session/open HTTP/1.1" 200 12 "http://178.104.41.200:5000/admin" "Mozilla/5.0 (Linux; Android 10; K) AppleWebKit/537.36 (KHTML, like Gecko) Chrome/147.0.0.0 Mobile Safari/537.36"
92.184.144.201 - - [09/Apr/2026:12:14:54 +0000] "GET /admin HTTP/1.1" 200 7650 "http://178.104.41.200:5000/admin" "Mozilla/5.0 (Linux; Android 10; K) AppleWebKit/537.36 (KHTML, like Gecko) Chrome/147.0.0.0 Mobile Safari/537.36"
93.28.10.40 - - [09/Apr/2026:12:14:54 +0000] "GET /api/session/status HTTP/1.1" 200 126 "http://178.104.41.200:5000/roulette/display" "Mozilla/5.0 (Windows NT 10.0; Win64; x64) AppleWebKit/537.36 (KHTML, like Gecko) Chrome/146.0.0.0 Safari/537.36"
92.184.144.201 - - [09/Apr/2026:12:14:54 +0000] "GET /static/js/admin.js HTTP/1.1" 304 0 "http://178.104.41.200:5000/admin" "Mozilla/5.0 (Linux; Android 10; K) AppleWebKit/537.36 (KHTML, like Gecko) Chrome/147.0.0.0 Mobile Safari/537.36"
93.28.10.40 - - [09/Apr/2026:12:14:54 +0000] "GET /api/session/qr?1775736906829 HTTP/1.1" 200 474 "http://178.104.41.200:5000/roulette/display" "Mozilla/5.0 (Windows NT 10.0; Win64; x64) AppleWebKit/537.36 (KHTML, like Gecko) Chrome/146.0.0.0 Safari/537.36"
93.28.10.40 - - [09/Apr/2026:12:14:55 +0000] "GET /api/session/status HTTP/1.1" 200 126 "http://178.104.41.200:5000/roulette/display" "Mozilla/5.0 (Windows NT 10.0; Win64; x64) AppleWebKit/537.36 (KHTML, like Gecko) Chrome/146.0.0.0 Safari/537.36"
92.184.144.201 - - [09/Apr/2026:12:14:56 +0000] "GET /roulette/display HTTP/1.1" 200 2076 "http://178.104.41.200:5000/admin" "Mozilla/5.0 (Linux; Android 10; K) AppleWebKit/537.36 (KHTML, like Gecko) Chrome/147.0.0.0 Mobile Safari/537.36"
93.28.10.40 - - [09/Apr/2026:12:14:56 +0000] "GET /api/session/status HTTP/1.1" 200 126 "http://178.104.41.200:5000/roulette/display" "Mozilla/5.0 (Windows NT 10.0; Win64; x64) AppleWebKit/537.36 (KHTML, like Gecko) Chrome/146.0.0.0 Safari/537.36"
92.184.144.201 - - [09/Apr/2026:12:14:57 +0000] "GET /static/roulette/assets/css/style.css HTTP/1.1" 200 0 "http://178.104.41.200:5000/roulette/display" "Mozilla/5.0 (Linux; Android 10; K) AppleWebKit/537.36 (KHTML, like Gecko) Chrome/147.0.0.0 Mobile Safari/537.36"
92.184.144.201 - - [09/Apr/2026:12:14:57 +0000] "GET /api/session/qr HTTP/1.1" 200 474 "http://178.104.41.200:5000/roulette/display" "Mozilla/5.0 (Linux; Android 10; K) AppleWebKit/537.36 (KHTML, like Gecko) Chrome/147.0.0.0 Mobile Safari/537.36"
92.184.144.201 - - [09/Apr/2026:12:14:57 +0000] "GET /static/roulette/assets/js/app.js HTTP/1.1" 200 0 "http://178.104.41.200:5000/roulette/display" "Mozilla/5.0 (Linux; Android 10; K) AppleWebKit/537.36 (KHTML, like Gecko) Chrome/147.0.0.0 Mobile Safari/537.36"
92.184.144.201 - - [09/Apr/2026:12:14:57 +0000] "GET /static/js/display.js HTTP/1.1" 200 0 "http://178.104.41.200:5000/roulette/display" "Mozilla/5.0 (Linux; Android 10; K) AppleWebKit/537.36 (KHTML, like Gecko) Chrome/147.0.0.0 Mobile Safari/537.36"
92.184.144.201 - - [09/Apr/2026:12:14:57 +0000] "GET /api/session/status HTTP/1.1" 200 126 "http://178.104.41.200:5000/roulette/display" "Mozilla/5.0 (Linux; Android 10; K) AppleWebKit/537.36 (KHTML, like Gecko) Chrome/147.0.0.0 Mobile Safari/537.36"
92.184.144.201 - - [09/Apr/2026:12:14:57 +0000] "GET /api/session/qr?1775736897839 HTTP/1.1" 200 474 "http://178.104.41.200:5000/roulette/display" "Mozilla/5.0 (Linux; Android 10; K) AppleWebKit/537.36 (KHTML, like Gecko) Chrome/147.0.0.0 Mobile Safari/537.36"
93.28.10.40 - - [09/Apr/2026:12:14:58 +0000] "GET /api/session/status HTTP/1.1" 200 126 "http://178.104.41.200:5000/roulette/display" "Mozilla/5.0 (Windows NT 10.0; Win64; x64) AppleWebKit/537.36 (KHTML, like Gecko) Chrome/146.0.0.0 Safari/537.36"
92.184.144.201 - - [09/Apr/2026:12:14:58 +0000] "GET /api/session/status HTTP/1.1" 200 126 "http://178.104.41.200:5000/roulette/display" "Mozilla/5.0 (Linux; Android 10; K) AppleWebKit/537.36 (KHTML, like Gecko) Chrome/147.0.0.0 Mobile Safari/537.36"
93.28.10.40 - - [09/Apr/2026:12:14:59 +0000] "GET /api/session/status HTTP/1.1" 200 126 "http://178.104.41.200:5000/roulette/display" "Mozilla/5.0 (Windows NT 10.0; Win64; x64) AppleWebKit/537.36 (KHTML, like Gecko) Chrome/146.0.0.0 Safari/537.36"
92.184.144.201 - - [09/Apr/2026:12:15:00 +0000] "GET /api/session/status HTTP/1.1" 200 126 "http://178.104.41.200:5000/roulette/display" "Mozilla/5.0 (Linux; Android 10; K) AppleWebKit/537.36 (KHTML, like Gecko) Chrome/147.0.0.0 Mobile Safari/537.36"
93.28.10.40 - - [09/Apr/2026:12:15:00 +0000] "GET /api/session/status HTTP/1.1" 200 126 "http://178.104.41.200:5000/roulette/display" "Mozilla/5.0 (Windows NT 10.0; Win64; x64) AppleWebKit/537.36 (KHTML, like Gecko) Chrome/146.0.0.0 Safari/537.36"
92.184.144.201 - - [09/Apr/2026:12:15:01 +0000] "GET /api/session/status HTTP/1.1" 200 126 "http://178.104.41.200:5000/roulette/display" "Mozilla/5.0 (Linux; Android 10; K) AppleWebKit/537.36 (KHTML, like Gecko) Chrome/147.0.0.0 Mobile Safari/537.36"
93.28.10.40 - - [09/Apr/2026:12:15:01 +0000] "GET /api/session/status HTTP/1.1" 200 126 "http://178.104.41.200:5000/roulette/display" "Mozilla/5.0 (Windows NT 10.0; Win64; x64) AppleWebKit/537.36 (KHTML, like Gecko) Chrome/146.0.0.0 Safari/537.36"
93.28.10.40 - - [09/Apr/2026:12:15:02 +0000] "GET /api/session/status HTTP/1.1" 200 126 "http://178.104.41.200:5000/roulette/display" "Mozilla/5.0 (Windows NT 10.0; Win64; x64) AppleWebKit/537.36 (KHTML, like Gecko) Chrome/146.0.0.0 Safari/537.36"
92.184.144.201 - - [09/Apr/2026:12:15:02 +0000] "GET /api/session/status HTTP/1.1" 200 126 "http://178.104.41.200:5000/roulette/display" "Mozilla/5.0 (Linux; Android 10; K) AppleWebKit/537.36 (KHTML, like Gecko) Chrome/147.0.0.0 Mobile Safari/537.36"
93.28.10.40 - - [09/Apr/2026:12:15:03 +0000] "GET /api/session/status HTTP/1.1" 200 126 "http://178.104.41.200:5000/roulette/display" "Mozilla/5.0 (Windows NT 10.0; Win64; x64) AppleWebKit/537.36 (KHTML, like Gecko) Chrome/146.0.0.0 Safari/537.36"
92.184.144.201 - - [09/Apr/2026:12:15:03 +0000] "GET /api/session/status HTTP/1.1" 200 126 "http://178.104.41.200:5000/roulette/display" "Mozilla/5.0 (Linux; Android 10; K) AppleWebKit/537.36 (KHTML, like Gecko) Chrome/147.0.0.0 Mobile Safari/537.36"
93.28.10.40 - - [09/Apr/2026:12:15:04 +0000] "GET /api/session/status HTTP/1.1" 200 126 "http://178.104.41.200:5000/roulette/display" "Mozilla/5.0 (Windows NT 10.0; Win64; x64) AppleWebKit/537.36 (KHTML, like Gecko) Chrome/146.0.0.0 Safari/537.36"
92.184.144.201 - - [09/Apr/2026:12:15:04 +0000] "GET /api/session/status HTTP/1.1" 200 126 "http://178.104.41.200:5000/roulette/display" "Mozilla/5.0 (Linux; Android 10; K) AppleWebKit/537.36 (KHTML, like Gecko) Chrome/147.0.0.0 Mobile Safari/537.36"
93.28.10.40 - - [09/Apr/2026:12:15:05 +0000] "GET /api/session/status HTTP/1.1" 200 126 "http://178.104.41.200:5000/roulette/display" "Mozilla/5.0 (Windows NT 10.0; Win64; x64) AppleWebKit/537.36 (KHTML, like Gecko) Chrome/146.0.0.0 Safari/537.36"
92.184.144.201 - - [09/Apr/2026:12:15:05 +0000] "GET /api/session/status HTTP/1.1" 200 126 "http://178.104.41.200:5000/roulette/display" "Mozilla/5.0 (Linux; Android 10; K) AppleWebKit/537.36 (KHTML, like Gecko) Chrome/147.0.0.0 Mobile Safari/537.36"
93.28.10.40 - - [09/Apr/2026:12:15:06 +0000] "GET /api/session/status HTTP/1.1" 200 126 "http://178.104.41.200:5000/roulette/display" "Mozilla/5.0 (Windows NT 10.0; Win64; x64) AppleWebKit/537.36 (KHTML, like Gecko) Chrome/146.0.0.0 Safari/537.36"
92.184.144.201 - - [09/Apr/2026:12:15:06 +0000] "GET /api/session/status HTTP/1.1" 200 126 "http://178.104.41.200:5000/roulette/display" "Mozilla/5.0 (Linux; Android 10; K) AppleWebKit/537.36 (KHTML, like Gecko) Chrome/147.0.0.0 Mobile Safari/537.36"
93.28.10.40 - - [09/Apr/2026:12:15:07 +0000] "GET /api/session/status HTTP/1.1" 200 126 "http://178.104.41.200:5000/roulette/display" "Mozilla/5.0 (Windows NT 10.0; Win64; x64) AppleWebKit/537.36 (KHTML, like Gecko) Chrome/146.0.0.0 Safari/537.36"
92.184.144.201 - - [09/Apr/2026:12:15:08 +0000] "GET /api/session/status HTTP/1.1" 200 126 "http://178.104.41.200:5000/roulette/display" "Mozilla/5.0 (Linux; Android 10; K) AppleWebKit/537.36 (KHTML, like Gecko) Chrome/147.0.0.0 Mobile Safari/537.36"
93.28.10.40 - - [09/Apr/2026:12:15:08 +0000] "GET /api/session/status HTTP/1.1" 200 126 "http://178.104.41.200:5000/roulette/display" "Mozilla/5.0 (Windows NT 10.0; Win64; x64) AppleWebKit/537.36 (KHTML, like Gecko) Chrome/146.0.0.0 Safari/537.36"
92.184.144.201 - - [09/Apr/2026:12:15:09 +0000] "GET /api/session/status HTTP/1.1" 200 126 "http://178.104.41.200:5000/roulette/display" "Mozilla/5.0 (Linux; Android 10; K) AppleWebKit/537.36 (KHTML, like Gecko) Chrome/147.0.0.0 Mobile Safari/537.36"
93.28.10.40 - - [09/Apr/2026:12:15:09 +0000] "GET /api/session/status HTTP/1.1" 200 126 "http://178.104.41.200:5000/roulette/display" "Mozilla/5.0 (Windows NT 10.0; Win64; x64) AppleWebKit/537.36 (KHTML, like Gecko) Chrome/146.0.0.0 Safari/537.36"
92.184.144.201 - - [09/Apr/2026:12:15:10 +0000] "GET /api/session/status HTTP/1.1" 200 126 "http://178.104.41.200:5000/roulette/display" "Mozilla/5.0 (Linux; Android 10; K) AppleWebKit/537.36 (KHTML, like Gecko) Chrome/147.0.0.0 Mobile Safari/537.36"
93.28.10.40 - - [09/Apr/2026:12:15:10 +0000] "GET /api/session/status HTTP/1.1" 200 126 "http://178.104.41.200:5000/roulette/display" "Mozilla/5.0 (Windows NT 10.0; Win64; x64) AppleWebKit/537.36 (KHTML, like Gecko) Chrome/146.0.0.0 Safari/537.36"
92.184.144.201 - - [09/Apr/2026:12:15:11 +0000] "GET /api/session/status HTTP/1.1" 200 126 "http://178.104.41.200:5000/roulette/display" "Mozilla/5.0 (Linux; Android 10; K) AppleWebKit/537.36 (KHTML, like Gecko) Chrome/147.0.0.0 Mobile Safari/537.36"
93.28.10.40 - - [09/Apr/2026:12:15:11 +0000] "GET /api/session/status HTTP/1.1" 200 126 "http://178.104.41.200:5000/roulette/display" "Mozilla/5.0 (Windows NT 10.0; Win64; x64) AppleWebKit/537.36 (KHTML, like Gecko) Chrome/146.0.0.0 Safari/537.36"
92.184.144.201 - - [09/Apr/2026:12:15:12 +0000] "GET /api/session/status HTTP/1.1" 200 126 "http://178.104.41.200:5000/roulette/display" "Mozilla/5.0 (Linux; Android 10; K) AppleWebKit/537.36 (KHTML, like Gecko) Chrome/147.0.0.0 Mobile Safari/537.36"
93.28.10.40 - - [09/Apr/2026:12:15:12 +0000] "GET /api/session/status HTTP/1.1" 200 126 "http://178.104.41.200:5000/roulette/display" "Mozilla/5.0 (Windows NT 10.0; Win64; x64) AppleWebKit/537.36 (KHTML, like Gecko) Chrome/146.0.0.0 Safari/537.36"
93.28.10.40 - - [09/Apr/2026:12:15:13 +0000] "GET /api/session/status HTTP/1.1" 200 126 "http://178.104.41.200:5000/roulette/display" "Mozilla/5.0 (Windows NT 10.0; Win64; x64) AppleWebKit/537.36 (KHTML, like Gecko) Chrome/146.0.0.0 Safari/537.36"
92.184.144.201 - - [09/Apr/2026:12:15:13 +0000] "GET /api/session/status HTTP/1.1" 200 126 "http://178.104.41.200:5000/roulette/display" "Mozilla/5.0 (Linux; Android 10; K) AppleWebKit/537.36 (KHTML, like Gecko) Chrome/147.0.0.0 Mobile Safari/537.36"
93.28.10.40 - - [09/Apr/2026:12:15:14 +0000] "GET /api/session/status HTTP/1.1" 200 125 "http://178.104.41.200:5000/roulette/display" "Mozilla/5.0 (Windows NT 10.0; Win64; x64) AppleWebKit/537.36 (KHTML, like Gecko) Chrome/146.0.0.0 Safari/537.36"
92.184.144.201 - - [09/Apr/2026:12:15:15 +0000] "GET /api/session/status HTTP/1.1" 200 125 "http://178.104.41.200:5000/roulette/display" "Mozilla/5.0 (Linux; Android 10; K) AppleWebKit/537.36 (KHTML, like Gecko) Chrome/147.0.0.0 Mobile Safari/537.36"
93.28.10.40 - - [09/Apr/2026:12:15:16 +0000] "GET /api/session/status HTTP/1.1" 200 125 "http://178.104.41.200:5000/roulette/display" "Mozilla/5.0 (Windows NT 10.0; Win64; x64) AppleWebKit/537.36 (KHTML, like Gecko) Chrome/146.0.0.0 Safari/537.36"
92.184.144.201 - - [09/Apr/2026:12:15:16 +0000] "GET /api/session/status HTTP/1.1" 200 125 "http://178.104.41.200:5000/roulette/display" "Mozilla/5.0 (Linux; Android 10; K) AppleWebKit/537.36 (KHTML, like Gecko) Chrome/147.0.0.0 Mobile Safari/537.36"
93.28.10.40 - - [09/Apr/2026:12:15:17 +0000] "GET /api/session/status HTTP/1.1" 200 125 "http://178.104.41.200:5000/roulette/display" "Mozilla/5.0 (Windows NT 10.0; Win64; x64) AppleWebKit/537.36 (KHTML, like Gecko) Chrome/146.0.0.0 Safari/537.36"
92.184.144.201 - - [09/Apr/2026:12:15:17 +0000] "GET /api/session/status HTTP/1.1" 200 125 "http://178.104.41.200:5000/roulette/display" "Mozilla/5.0 (Linux; Android 10; K) AppleWebKit/537.36 (KHTML, like Gecko) Chrome/147.0.0.0 Mobile Safari/537.36"
93.28.10.40 - - [09/Apr/2026:12:15:18 +0000] "GET /api/session/status HTTP/1.1" 200 125 "http://178.104.41.200:5000/roulette/display" "Mozilla/5.0 (Windows NT 10.0; Win64; x64) AppleWebKit/537.36 (KHTML, like Gecko) Chrome/146.0.0.0 Safari/537.36"
92.184.144.201 - - [09/Apr/2026:12:15:18 +0000] "GET /api/session/status HTTP/1.1" 200 125 "http://178.104.41.200:5000/roulette/display" "Mozilla/5.0 (Linux; Android 10; K) AppleWebKit/537.36 (KHTML, like Gecko) Chrome/147.0.0.0 Mobile Safari/537.36"
93.28.10.40 - - [09/Apr/2026:12:15:19 +0000] "GET /api/session/status HTTP/1.1" 200 125 "http://178.104.41.200:5000/roulette/display" "Mozilla/5.0 (Windows NT 10.0; Win64; x64) AppleWebKit/537.36 (KHTML, like Gecko) Chrome/146.0.0.0 Safari/537.36"
92.184.144.201 - - [09/Apr/2026:12:15:19 +0000] "GET /api/session/status HTTP/1.1" 200 125 "http://178.104.41.200:5000/roulette/display" "Mozilla/5.0 (Linux; Android 10; K) AppleWebKit/537.36 (KHTML, like Gecko) Chrome/147.0.0.0 Mobile Safari/537.36"
93.28.10.40 - - [09/Apr/2026:12:15:20 +0000] "GET /api/session/status HTTP/1.1" 200 125 "http://178.104.41.200:5000/roulette/display" "Mozilla/5.0 (Windows NT 10.0; Win64; x64) AppleWebKit/537.36 (KHTML, like Gecko) Chrome/146.0.0.0 Safari/537.36"
92.184.144.201 - - [09/Apr/2026:12:15:20 +0000] "GET /api/session/status HTTP/1.1" 200 125 "http://178.104.41.200:5000/roulette/display" "Mozilla/5.0 (Linux; Android 10; K) AppleWebKit/537.36 (KHTML, like Gecko) Chrome/147.0.0.0 Mobile Safari/537.36"
93.28.10.40 - - [09/Apr/2026:12:15:21 +0000] "GET /api/session/status HTTP/1.1" 200 125 "http://178.104.41.200:5000/roulette/display" "Mozilla/5.0 (Windows NT 10.0; Win64; x64) AppleWebKit/537.36 (KHTML, like Gecko) Chrome/146.0.0.0 Safari/537.36"
92.184.144.201 - - [09/Apr/2026:12:15:22 +0000] "GET /api/session/status HTTP/1.1" 200 125 "http://178.104.41.200:5000/roulette/display" "Mozilla/5.0 (Linux; Android 10; K) AppleWebKit/537.36 (KHTML, like Gecko) Chrome/147.0.0.0 Mobile Safari/537.36"
93.28.10.40 - - [09/Apr/2026:12:15:22 +0000] "GET /api/session/status HTTP/1.1" 200 125 "http://178.104.41.200:5000/roulette/display" "Mozilla/5.0 (Windows NT 10.0; Win64; x64) AppleWebKit/537.36 (KHTML, like Gecko) Chrome/146.0.0.0 Safari/537.36"
92.184.144.201 - - [09/Apr/2026:12:15:23 +0000] "GET /api/session/status HTTP/1.1" 200 125 "http://178.104.41.200:5000/roulette/display" "Mozilla/5.0 (Linux; Android 10; K) AppleWebKit/537.36 (KHTML, like Gecko) Chrome/147.0.0.0 Mobile Safari/537.36"
93.28.10.40 - - [09/Apr/2026:12:15:23 +0000] "GET /api/session/status HTTP/1.1" 200 125 "http://178.104.41.200:5000/roulette/display" "Mozilla/5.0 (Windows NT 10.0; Win64; x64) AppleWebKit/537.36 (KHTML, like Gecko) Chrome/146.0.0.0 Safari/537.36"
92.184.144.201 - - [09/Apr/2026:12:15:24 +0000] "GET /api/session/status HTTP/1.1" 200 125 "http://178.104.41.200:5000/roulette/display" "Mozilla/5.0 (Linux; Android 10; K) AppleWebKit/537.36 (KHTML, like Gecko) Chrome/147.0.0.0 Mobile Safari/537.36"
93.28.10.40 - - [09/Apr/2026:12:15:24 +0000] "GET /api/session/status HTTP/1.1" 200 125 "http://178.104.41.200:5000/roulette/display" "Mozilla/5.0 (Windows NT 10.0; Win64; x64) AppleWebKit/537.36 (KHTML, like Gecko) Chrome/146.0.0.0 Safari/537.36"
93.28.10.40 - - [09/Apr/2026:12:15:25 +0000] "GET /api/session/status HTTP/1.1" 200 127 "http://178.104.41.200:5000/roulette/display" "Mozilla/5.0 (Windows NT 10.0; Win64; x64) AppleWebKit/537.36 (KHTML, like Gecko) Chrome/146.0.0.0 Safari/537.36"
92.184.144.201 - - [09/Apr/2026:12:15:25 +0000] "GET /api/session/status HTTP/1.1" 200 127 "http://178.104.41.200:5000/roulette/display" "Mozilla/5.0 (Linux; Android 10; K) AppleWebKit/537.36 (KHTML, like Gecko) Chrome/147.0.0.0 Mobile Safari/537.36"
93.28.10.40 - - [09/Apr/2026:12:15:26 +0000] "GET /api/session/status HTTP/1.1" 200 127 "http://178.104.41.200:5000/roulette/display" "Mozilla/5.0 (Windows NT 10.0; Win64; x64) AppleWebKit/537.36 (KHTML, like Gecko) Chrome/146.0.0.0 Safari/537.36"
